Task A starts
Task B starts
Task C starts
Task A ends
Task B ends
Task C ends
Task D starts
Task D ends
