Task A starts
Task B starts
Task A ends
Task B ends
Task D starts
Task D ends
