Task A starts
Task A ends
Task C starts
Task C ends
